# Include violations of src/layers.txt that predate the check, as
# "<file> -> <header>".  Only ever delete lines; regenerate with
# tools/check_layers.py . --update-baseline after fixing some.
audio/cdthemes.cpp -> core/gameglobals.h
audio/fixedsounds.cpp -> core/game.h
audio/fixedsounds.cpp -> core/gameglobals.h
audio/fixedsounds.cpp -> entities/player.h
audio/fixedsounds.cpp -> testing/record.h
audio/fixedsounds.cpp -> ui/menutree.h
audio/soundobj.cpp -> core/game.h
audio/soundobj.cpp -> entities/foe.h
core/clock.cpp -> app/launcher.h
core/game.h -> app/config.h
entities/bomb.cpp -> core/game.h
entities/bomb.cpp -> core/gameglobals.h
entities/bomb.h -> core/game.h
entities/bridgeobject.cpp -> core/game.h
entities/bridgeobject.h -> core/game.h
entities/bridgesurf.cpp -> core/game.h
entities/bridgesurf.cpp -> ui/theme.h
entities/checkpoint.cpp -> core/game.h
entities/fallingtile.cpp -> core/game.h
entities/fallingtile.h -> core/game.h
entities/foe.cpp -> core/game.h
entities/foe.h -> core/game.h
entities/framepose.cpp -> app/config.h
entities/framepose.cpp -> core/game.h
entities/generators.cpp -> core/clock.h
entities/liftobject.cpp -> core/game.h
entities/liftobject.h -> core/game.h
entities/platformobject.cpp -> core/game.h
entities/platformobject.h -> core/game.h
input/camerainput.cpp -> app/config.h
input/camerainput.cpp -> core/game.h
input/inputsetup.cpp -> core/game.h
input/inputsetup.cpp -> core/gameglobals.h
input/keypress.cpp -> core/game.h
input/keypress.cpp -> core/gameglobals.h
input/keypress.cpp -> core/gamereset.h
input/keypress.cpp -> ui/levelselect.h
input/keypress.cpp -> ui/menunav.h
input/keypress.cpp -> ui/menutree.h
input/keypress.cpp -> ui/textentry.h
input/progctrl.cpp -> core/clock.h
input/progctrl.cpp -> core/gamestate.h
level/extraobjects.cpp -> core/gameglobals.h
level/gridrestore.cpp -> core/game.h
level/levelentry.cpp -> core/clock.h
level/levelentry.cpp -> core/game.h
level/levelentry.cpp -> core/gameglobals.h
level/levelentry.cpp -> ui/theme.h
level/levelparse.cpp -> core/game.h
level/levelparse.cpp -> core/gameglobals.h
level/levelplacements.cpp -> core/game.h
level/levelplacements.cpp -> entities/liftobject.h
level/levelplacements.cpp -> entities/platformobject.h
level/levelplacements.cpp -> ui/theme.h
level/levelscore.cpp -> core/game.h
level/levelscore.cpp -> entities/player.h
level/levelsetup.cpp -> core/game.h
level/levelsetup.cpp -> core/gameglobals.h
level/levelsetup.cpp -> entities/bomb.h
level/levelsetup.cpp -> entities/bridgeobject.h
level/levelsetup.cpp -> entities/fallingtile.h
level/levelsetup.cpp -> entities/foe.h
level/levelsetup.cpp -> entities/liftobject.h
level/levelsetup.cpp -> entities/platformobject.h
level/levelsetup.cpp -> entities/player.h
level/levelsounds.cpp -> core/game.h
level/levelsounds.cpp -> core/gameglobals.h
level/levelsounds.cpp -> entities/bridgeobject.h
level/levelsounds.cpp -> entities/fallingtile.h
level/levelsounds.cpp -> entities/liftobject.h
level/levelsounds.cpp -> entities/platformobject.h
level/levelsounds.cpp -> entities/player.h
level/tiledebug.cpp -> core/game.h
level/tiledebug.cpp -> ui/cheatcode.h
level/tilequery.cpp -> core/game.h
level/tilequery.cpp -> entities/bridgeobject.h
level/tilequery.cpp -> entities/foe.h
render/camera.cpp -> app/config.h
render/camera.cpp -> core/game.h
render/camera.cpp -> entities/player.h
render/camera.cpp -> level/levelmap.h
render/dsoscene.cpp -> core/game.h
render/dsoscene.cpp -> entities/framepose.h
render/dsoscene.cpp -> entities/splinepath.h
render/dsoscene.cpp -> level/extraobjects.h
render/dsoscene.cpp -> testing/record.h
render/meshbatch.cpp -> level/levelplacements.h
render/meshbatch.cpp -> ui/theme.h
render/objectshadows.cpp -> core/game.h
render/objectshadows.cpp -> entities/explodedebris.h
render/objectshadows.cpp -> entities/player.h
render/objectshadows.cpp -> level/levelmap.h
render/objectshadows.cpp -> level/tile.h
render/objectshadows.cpp -> ui/theme.h
render/particles.cpp -> core/clock.h
render/particles.cpp -> core/determinism.h
render/particles.cpp -> entities/factory.h
render/particles.cpp -> entities/generators.h
render/quadbatch.cpp -> level/levelplacements.h
render/quadbatch.cpp -> ui/theme.h
render/rendergameframe.cpp -> core/clock.h
render/rendergameframe.cpp -> core/game.h
render/rendergameframe.cpp -> core/gameglobals.h
render/rendergameframe.cpp -> core/gametick.h
render/rendergameframe.cpp -> entities/bomb.h
render/rendergameframe.cpp -> entities/bridgesurf.h
render/rendergameframe.cpp -> entities/entitymath.h
render/rendergameframe.cpp -> entities/explodedebris.h
render/rendergameframe.cpp -> entities/fallingtile.h
render/rendergameframe.cpp -> entities/foe.h
render/rendergameframe.cpp -> entities/framepose.h
render/rendergameframe.cpp -> entities/generators.h
render/rendergameframe.cpp -> entities/player.h
render/rendergameframe.cpp -> level/levelentry.h
render/rendergameframe.cpp -> level/levelmap.h
render/rendergameframe.cpp -> level/levelplacements.h
render/rendergameframe.cpp -> level/tile.h
render/rendergameframe.cpp -> testing/record.h
render/rendergameframe.cpp -> ui/menuscreens.h
render/rendergameframe.cpp -> ui/scoreoverlay.h
render/rendergameframe.cpp -> ui/scriptplayer.h
render/rendergameframe.cpp -> ui/theme.h
render/renderstate.cpp -> core/game.h
render/renderstate.cpp -> core/gameglobals.h
render/renderstate.cpp -> level/levelmap.h
render/renderstate.cpp -> level/levelplacements.h
render/renderstate.cpp -> ui/menuscreens.h
render/scene.cpp -> level/extraobjects.h
render/scene.h -> entities/splinepath.h
render/sceneobjects.cpp -> app/config.h
render/sceneobjects.cpp -> core/game.h
render/sceneobjects.cpp -> entities/explodedebris.h
render/sceneobjects.cpp -> entities/player.h
render/sceneobjects.cpp -> entities/uvanimator.h
render/sceneobjects.cpp -> level/levelmap.h
render/sceneobjects.cpp -> level/levelobject.h
render/sceneobjects.cpp -> level/tile.h
render/sceneobjects.cpp -> ui/theme.h
render/themedraw.cpp -> core/game.h
render/themedraw.cpp -> entities/generators.h
render/themedraw.cpp -> entities/player.h
render/themedraw.cpp -> level/levelmap.h
render/themedraw.cpp -> level/levelobject.h
render/themedraw.cpp -> ui/theme.h
testing/record.cpp -> core/clock.h
ui/cheatcode.cpp -> core/game.h
ui/cheatcode.cpp -> core/gameglobals.h
ui/highscores.cpp -> core/gameglobals.h
ui/levelselect.cpp -> core/game.h
ui/menunav.cpp -> core/game.h
ui/menuscreens.cpp -> core/game.h
ui/menuscreens.cpp -> core/gameglobals.h
ui/saveslots.cpp -> core/gameglobals.h
ui/scoreoverlay.cpp -> core/game.h
ui/scoretally.cpp -> core/game.h
ui/scriptplayer.cpp -> core/gameglobals.h
ui/theme.cpp -> core/game.h
ui/theme.cpp -> core/gameglobals.h
windev/exemain_linux.cpp -> app/main.h
windev/exemain_linux.cpp -> app/process.h
windev/exemain_windows.cpp -> app/main.h
windev/exemain_windows.cpp -> app/process.h
